Archive member included to satisfy reference by file (symbol)

c:/program files (x86)/atmel/studio/7.0/toolchain/avr8/avr8-gnu-toolchain/bin/../lib/gcc/avr/5.4.0/avr6\libgcc.a(_udivmodsi4.o)
                              uart.o (__udivmodsi4)
c:/program files (x86)/atmel/studio/7.0/toolchain/avr8/avr8-gnu-toolchain/bin/../lib/gcc/avr/5.4.0/avr6\libgcc.a(_exit.o)
                              C:/Program Files (x86)/Atmel/Studio/7.0/Packs/atmel/ATmega_DFP/1.3.300/gcc/dev/atmega2560/avr6/crtatmega2560.o (exit)
c:/program files (x86)/atmel/studio/7.0/toolchain/avr8/avr8-gnu-toolchain/bin/../lib/gcc/avr/5.4.0/avr6\libgcc.a(_clear_bss.o)
                              door2.o (__do_clear_bss)

Discarded input sections

 .data          0x00000000        0x0 C:/Program Files (x86)/Atmel/Studio/7.0/Packs/atmel/ATmega_DFP/1.3.300/gcc/dev/atmega2560/avr6/crtatmega2560.o
 .bss           0x00000000        0x0 C:/Program Files (x86)/Atmel/Studio/7.0/Packs/atmel/ATmega_DFP/1.3.300/gcc/dev/atmega2560/avr6/crtatmega2560.o
 .text          0x00000000        0x0 door2.o
 .data          0x00000000        0x0 door2.o
 .bss           0x00000000        0x0 door2.o
 .text          0x00000000        0x0 Led.o
 .data          0x00000000        0x0 Led.o
 .bss           0x00000000        0x0 Led.o
 .text.brake    0x00000000       0x12 Led.o
 .text          0x00000000        0x0 main.o
 .data          0x00000000        0x0 main.o
 .bss           0x00000000        0x0 main.o
 .text          0x00000000        0x0 MotorDriver.o
 .data          0x00000000        0x0 MotorDriver.o
 .bss           0x00000000        0x0 MotorDriver.o
 .text          0x00000000        0x0 MP3_Driver.o
 .data          0x00000000        0x0 MP3_Driver.o
 .bss           0x00000000        0x0 MP3_Driver.o
 .text          0x00000000        0x0 Switch.o
 .data          0x00000000        0x0 Switch.o
 .bss           0x00000000        0x0 Switch.o
 .text          0x00000000        0x0 uart.o
 .data          0x00000000        0x0 uart.o
 .bss           0x00000000        0x0 uart.o
 .text.CharReady
                0x00000000        0xc uart.o
 .text.ReadChar
                0x00000000       0x10 uart.o
 .text          0x00000000        0x0 c:/program files (x86)/atmel/studio/7.0/toolchain/avr8/avr8-gnu-toolchain/bin/../lib/gcc/avr/5.4.0/avr6\libgcc.a(_udivmodsi4.o)
 .data          0x00000000        0x0 c:/program files (x86)/atmel/studio/7.0/toolchain/avr8/avr8-gnu-toolchain/bin/../lib/gcc/avr/5.4.0/avr6\libgcc.a(_udivmodsi4.o)
 .bss           0x00000000        0x0 c:/program files (x86)/atmel/studio/7.0/toolchain/avr8/avr8-gnu-toolchain/bin/../lib/gcc/avr/5.4.0/avr6\libgcc.a(_udivmodsi4.o)
 .text.libgcc.mul
                0x00000000        0x0 c:/program files (x86)/atmel/studio/7.0/toolchain/avr8/avr8-gnu-toolchain/bin/../lib/gcc/avr/5.4.0/avr6\libgcc.a(_udivmodsi4.o)
 .text.libgcc   0x00000000        0x0 c:/program files (x86)/atmel/studio/7.0/toolchain/avr8/avr8-gnu-toolchain/bin/../lib/gcc/avr/5.4.0/avr6\libgcc.a(_udivmodsi4.o)
 .text.libgcc.prologue
                0x00000000        0x0 c:/program files (x86)/atmel/studio/7.0/toolchain/avr8/avr8-gnu-toolchain/bin/../lib/gcc/avr/5.4.0/avr6\libgcc.a(_udivmodsi4.o)
 .text.libgcc.builtins
                0x00000000        0x0 c:/program files (x86)/atmel/studio/7.0/toolchain/avr8/avr8-gnu-toolchain/bin/../lib/gcc/avr/5.4.0/avr6\libgcc.a(_udivmodsi4.o)
 .text.libgcc.fmul
                0x00000000        0x0 c:/program files (x86)/atmel/studio/7.0/toolchain/avr8/avr8-gnu-toolchain/bin/../lib/gcc/avr/5.4.0/avr6\libgcc.a(_udivmodsi4.o)
 .text.libgcc.fixed
                0x00000000        0x0 c:/program files (x86)/atmel/studio/7.0/toolchain/avr8/avr8-gnu-toolchain/bin/../lib/gcc/avr/5.4.0/avr6\libgcc.a(_udivmodsi4.o)
 .text          0x00000000        0x0 c:/program files (x86)/atmel/studio/7.0/toolchain/avr8/avr8-gnu-toolchain/bin/../lib/gcc/avr/5.4.0/avr6\libgcc.a(_exit.o)
 .data          0x00000000        0x0 c:/program files (x86)/atmel/studio/7.0/toolchain/avr8/avr8-gnu-toolchain/bin/../lib/gcc/avr/5.4.0/avr6\libgcc.a(_exit.o)
 .bss           0x00000000        0x0 c:/program files (x86)/atmel/studio/7.0/toolchain/avr8/avr8-gnu-toolchain/bin/../lib/gcc/avr/5.4.0/avr6\libgcc.a(_exit.o)
 .text.libgcc.mul
                0x00000000        0x0 c:/program files (x86)/atmel/studio/7.0/toolchain/avr8/avr8-gnu-toolchain/bin/../lib/gcc/avr/5.4.0/avr6\libgcc.a(_exit.o)
 .text.libgcc.div
                0x00000000        0x0 c:/program files (x86)/atmel/studio/7.0/toolchain/avr8/avr8-gnu-toolchain/bin/../lib/gcc/avr/5.4.0/avr6\libgcc.a(_exit.o)
 .text.libgcc   0x00000000        0x0 c:/program files (x86)/atmel/studio/7.0/toolchain/avr8/avr8-gnu-toolchain/bin/../lib/gcc/avr/5.4.0/avr6\libgcc.a(_exit.o)
 .text.libgcc.prologue
                0x00000000        0x0 c:/program files (x86)/atmel/studio/7.0/toolchain/avr8/avr8-gnu-toolchain/bin/../lib/gcc/avr/5.4.0/avr6\libgcc.a(_exit.o)
 .text.libgcc.builtins
                0x00000000        0x0 c:/program files (x86)/atmel/studio/7.0/toolchain/avr8/avr8-gnu-toolchain/bin/../lib/gcc/avr/5.4.0/avr6\libgcc.a(_exit.o)
 .text.libgcc.fmul
                0x00000000        0x0 c:/program files (x86)/atmel/studio/7.0/toolchain/avr8/avr8-gnu-toolchain/bin/../lib/gcc/avr/5.4.0/avr6\libgcc.a(_exit.o)
 .text.libgcc.fixed
                0x00000000        0x0 c:/program files (x86)/atmel/studio/7.0/toolchain/avr8/avr8-gnu-toolchain/bin/../lib/gcc/avr/5.4.0/avr6\libgcc.a(_exit.o)
 .text          0x00000000        0x0 c:/program files (x86)/atmel/studio/7.0/toolchain/avr8/avr8-gnu-toolchain/bin/../lib/gcc/avr/5.4.0/avr6\libgcc.a(_clear_bss.o)
 .data          0x00000000        0x0 c:/program files (x86)/atmel/studio/7.0/toolchain/avr8/avr8-gnu-toolchain/bin/../lib/gcc/avr/5.4.0/avr6\libgcc.a(_clear_bss.o)
 .bss           0x00000000        0x0 c:/program files (x86)/atmel/studio/7.0/toolchain/avr8/avr8-gnu-toolchain/bin/../lib/gcc/avr/5.4.0/avr6\libgcc.a(_clear_bss.o)
 .text.libgcc.mul
                0x00000000        0x0 c:/program files (x86)/atmel/studio/7.0/toolchain/avr8/avr8-gnu-toolchain/bin/../lib/gcc/avr/5.4.0/avr6\libgcc.a(_clear_bss.o)
 .text.libgcc.div
                0x00000000        0x0 c:/program files (x86)/atmel/studio/7.0/toolchain/avr8/avr8-gnu-toolchain/bin/../lib/gcc/avr/5.4.0/avr6\libgcc.a(_clear_bss.o)
 .text.libgcc   0x00000000        0x0 c:/program files (x86)/atmel/studio/7.0/toolchain/avr8/avr8-gnu-toolchain/bin/../lib/gcc/avr/5.4.0/avr6\libgcc.a(_clear_bss.o)
 .text.libgcc.prologue
                0x00000000        0x0 c:/program files (x86)/atmel/studio/7.0/toolchain/avr8/avr8-gnu-toolchain/bin/../lib/gcc/avr/5.4.0/avr6\libgcc.a(_clear_bss.o)
 .text.libgcc.builtins
                0x00000000        0x0 c:/program files (x86)/atmel/studio/7.0/toolchain/avr8/avr8-gnu-toolchain/bin/../lib/gcc/avr/5.4.0/avr6\libgcc.a(_clear_bss.o)
 .text.libgcc.fmul
                0x00000000        0x0 c:/program files (x86)/atmel/studio/7.0/toolchain/avr8/avr8-gnu-toolchain/bin/../lib/gcc/avr/5.4.0/avr6\libgcc.a(_clear_bss.o)
 .text.libgcc.fixed
                0x00000000        0x0 c:/program files (x86)/atmel/studio/7.0/toolchain/avr8/avr8-gnu-toolchain/bin/../lib/gcc/avr/5.4.0/avr6\libgcc.a(_clear_bss.o)

Memory Configuration

Name             Origin             Length             Attributes
text             0x00000000         0x00100000         xr
data             0x00800200         0x0000fe00         rw !x
eeprom           0x00810000         0x00010000         rw !x
fuse             0x00820000         0x00000003         rw !x
lock             0x00830000         0x00000400         rw !x
signature        0x00840000         0x00000400         rw !x
user_signatures  0x00850000         0x00000400         rw !x
*default*        0x00000000         0xffffffff

Linker script and memory map

Address of section .data set to 0x800200
LOAD C:/Program Files (x86)/Atmel/Studio/7.0/Packs/atmel/ATmega_DFP/1.3.300/gcc/dev/atmega2560/avr6/crtatmega2560.o
LOAD door2.o
LOAD Led.o
LOAD main.o
LOAD MotorDriver.o
LOAD MP3_Driver.o
LOAD Switch.o
LOAD uart.o
START GROUP
LOAD c:/program files (x86)/atmel/studio/7.0/toolchain/avr8/avr8-gnu-toolchain/bin/../lib/gcc/avr/5.4.0/../../../../avr/lib/avr6\libm.a
END GROUP
START GROUP
LOAD c:/program files (x86)/atmel/studio/7.0/toolchain/avr8/avr8-gnu-toolchain/bin/../lib/gcc/avr/5.4.0/avr6\libgcc.a
LOAD c:/program files (x86)/atmel/studio/7.0/toolchain/avr8/avr8-gnu-toolchain/bin/../lib/gcc/avr/5.4.0/../../../../avr/lib/avr6\libm.a
LOAD c:/program files (x86)/atmel/studio/7.0/toolchain/avr8/avr8-gnu-toolchain/bin/../lib/gcc/avr/5.4.0/../../../../avr/lib/avr6\libc.a
LOAD C:/Program Files (x86)/Atmel/Studio/7.0/Packs/atmel/ATmega_DFP/1.3.300/gcc/dev/atmega2560/avr6\libatmega2560.a
END GROUP
                0x00100000                __TEXT_REGION_LENGTH__ = DEFINED (__TEXT_REGION_LENGTH__)?__TEXT_REGION_LENGTH__:0x100000
                0x0000fe00                __DATA_REGION_LENGTH__ = DEFINED (__DATA_REGION_LENGTH__)?__DATA_REGION_LENGTH__:0xfe00
                0x00010000                __EEPROM_REGION_LENGTH__ = DEFINED (__EEPROM_REGION_LENGTH__)?__EEPROM_REGION_LENGTH__:0x10000
                [0x00000003]                __FUSE_REGION_LENGTH__ = DEFINED (__FUSE_REGION_LENGTH__)?__FUSE_REGION_LENGTH__:0x400
                0x00000400                __LOCK_REGION_LENGTH__ = DEFINED (__LOCK_REGION_LENGTH__)?__LOCK_REGION_LENGTH__:0x400
                0x00000400                __SIGNATURE_REGION_LENGTH__ = DEFINED (__SIGNATURE_REGION_LENGTH__)?__SIGNATURE_REGION_LENGTH__:0x400
                0x00000400                __USER_SIGNATURE_REGION_LENGTH__ = DEFINED (__USER_SIGNATURE_REGION_LENGTH__)?__USER_SIGNATURE_REGION_LENGTH__:0x400

.hash
 *(.hash)

.dynsym
 *(.dynsym)

.dynstr
 *(.dynstr)

.gnu.version
 *(.gnu.version)

.gnu.version_d
 *(.gnu.version_d)

.gnu.version_r
 *(.gnu.version_r)

.rel.init
 *(.rel.init)

.rela.init
 *(.rela.init)

.rel.text
 *(.rel.text)
 *(.rel.text.*)
 *(.rel.gnu.linkonce.t*)

.rela.text
 *(.rela.text)
 *(.rela.text.*)
 *(.rela.gnu.linkonce.t*)

.rel.fini
 *(.rel.fini)

.rela.fini
 *(.rela.fini)

.rel.rodata
 *(.rel.rodata)
 *(.rel.rodata.*)
 *(.rel.gnu.linkonce.r*)

.rela.rodata
 *(.rela.rodata)
 *(.rela.rodata.*)
 *(.rela.gnu.linkonce.r*)

.rel.data
 *(.rel.data)
 *(.rel.data.*)
 *(.rel.gnu.linkonce.d*)

.rela.data
 *(.rela.data)
 *(.rela.data.*)
 *(.rela.gnu.linkonce.d*)

.rel.ctors
 *(.rel.ctors)

.rela.ctors
 *(.rela.ctors)

.rel.dtors
 *(.rel.dtors)

.rela.dtors
 *(.rela.dtors)

.rel.got
 *(.rel.got)

.rela.got
 *(.rela.got)

.rel.bss
 *(.rel.bss)

.rela.bss
 *(.rela.bss)

.rel.plt
 *(.rel.plt)

.rela.plt
 *(.rela.plt)

.text           0x00000000      0x92c
 *(.vectors)
 .vectors       0x00000000       0xe4 C:/Program Files (x86)/Atmel/Studio/7.0/Packs/atmel/ATmega_DFP/1.3.300/gcc/dev/atmega2560/avr6/crtatmega2560.o
                0x00000000                __vector_default
                0x00000000                __vectors
 *(.vectors)
 *(.progmem.gcc*)
                0x000000e4                . = ALIGN (0x2)
                0x000000e4                __trampolines_start = .
 *(.trampolines)
 .trampolines   0x000000e4        0x0 linker stubs
 *(.trampolines*)
                0x000000e4                __trampolines_end = .
 *libprintf_flt.a:*(.progmem.data)
 *libc.a:*(.progmem.data)
 *(.progmem*)
                0x000000e4                . = ALIGN (0x2)
 *(.jumptables)
 *(.jumptables*)
 *(.lowtext)
 *(.lowtext*)
                0x000000e4                __ctors_start = .
 *(.ctors)
                0x000000e4                __ctors_end = .
                0x000000e4                __dtors_start = .
 *(.dtors)
                0x000000e4                __dtors_end = .
 SORT(*)(.ctors)
 SORT(*)(.dtors)
 *(.init0)
 .init0         0x000000e4        0x0 C:/Program Files (x86)/Atmel/Studio/7.0/Packs/atmel/ATmega_DFP/1.3.300/gcc/dev/atmega2560/avr6/crtatmega2560.o
                0x000000e4                __init
 *(.init0)
 *(.init1)
 *(.init1)
 *(.init2)
 .init2         0x000000e4       0x10 C:/Program Files (x86)/Atmel/Studio/7.0/Packs/atmel/ATmega_DFP/1.3.300/gcc/dev/atmega2560/avr6/crtatmega2560.o
 *(.init2)
 *(.init3)
 *(.init3)
 *(.init4)
 .init4         0x000000f4       0x10 c:/program files (x86)/atmel/studio/7.0/toolchain/avr8/avr8-gnu-toolchain/bin/../lib/gcc/avr/5.4.0/avr6\libgcc.a(_clear_bss.o)
                0x000000f4                __do_clear_bss
 *(.init4)
 *(.init5)
 *(.init5)
 *(.init6)
 *(.init6)
 *(.init7)
 *(.init7)
 *(.init8)
 *(.init8)
 *(.init9)
 .init9         0x00000104        0x4 C:/Program Files (x86)/Atmel/Studio/7.0/Packs/atmel/ATmega_DFP/1.3.300/gcc/dev/atmega2560/avr6/crtatmega2560.o
 *(.init9)
 *(.text)
 .text          0x00000108        0x2 C:/Program Files (x86)/Atmel/Studio/7.0/Packs/atmel/ATmega_DFP/1.3.300/gcc/dev/atmega2560/avr6/crtatmega2560.o
                0x00000108                __vector_38
                0x00000108                __vector_22
                0x00000108                __vector_28
                0x00000108                __vector_32
                0x00000108                __vector_34
                0x00000108                __vector_24
                0x00000108                __vector_12
                0x00000108                __vector_55
                0x00000108                __vector_46
                0x00000108                __bad_interrupt
                0x00000108                __vector_6
                0x00000108                __vector_31
                0x00000108                __vector_35
                0x00000108                __vector_39
                0x00000108                __vector_23
                0x00000108                __vector_30
                0x00000108                __vector_45
                0x00000108                __vector_25
                0x00000108                __vector_11
                0x00000108                __vector_54
                0x00000108                __vector_13
                0x00000108                __vector_17
                0x00000108                __vector_19
                0x00000108                __vector_56
                0x00000108                __vector_7
                0x00000108                __vector_49
                0x00000108                __vector_41
                0x00000108                __vector_43
                0x00000108                __vector_27
                0x00000108                __vector_33
                0x00000108                __vector_47
                0x00000108                __vector_52
                0x00000108                __vector_37
                0x00000108                __vector_44
                0x00000108                __vector_51
                0x00000108                __vector_9
                0x00000108                __vector_21
                0x00000108                __vector_15
                0x00000108                __vector_36
                0x00000108                __vector_29
                0x00000108                __vector_40
                0x00000108                __vector_8
                0x00000108                __vector_26
                0x00000108                __vector_48
                0x00000108                __vector_14
                0x00000108                __vector_53
                0x00000108                __vector_10
                0x00000108                __vector_50
                0x00000108                __vector_16
                0x00000108                __vector_18
                0x00000108                __vector_20
                0x00000108                __vector_42
                0x0000010a                . = ALIGN (0x2)
 *(.text.*)
 .text.openDoorH
                0x0000010a       0x5c door2.o
                0x0000010a                openDoorH
 .text.closeDoorH
                0x00000166       0x5a door2.o
                0x00000166                closeDoorH
 .text.openDoorV
                0x000001c0       0x5c door2.o
                0x000001c0                openDoorV
 .text.closeDoorV
                0x0000021c       0x5a door2.o
                0x0000021c                closeDoorV
 .text.initDoor
                0x00000276        0x6 door2.o
                0x00000276                initDoor
 .text.initLedPort
                0x0000027c       0x3a Led.o
                0x0000027c                initLedPort
 .text.turnOn   0x000002b6       0x1c Led.o
                0x000002b6                turnOn
 .text.turnOff  0x000002d2        0xa Led.o
                0x000002d2                turnOff
 .text.__vector_1
                0x000002dc       0x66 main.o
                0x000002dc                __vector_1
 .text.__vector_2
                0x00000342       0x66 main.o
                0x00000342                __vector_2
 .text.__vector_3
                0x000003a8       0x6a main.o
                0x000003a8                __vector_3
 .text.__vector_4
                0x00000412      0x182 main.o
                0x00000412                __vector_4
 .text.__vector_5
                0x00000594      0x182 main.o
                0x00000594                __vector_5
 .text.main     0x00000716       0x54 main.o
                0x00000716                main
 .text.start    0x0000076a       0x12 MotorDriver.o
                0x0000076a                start
 .text.stop     0x0000077c        0xe MotorDriver.o
                0x0000077c                stop
 .text.setSpeed
                0x0000078a       0x20 MotorDriver.o
                0x0000078a                setSpeed
 .text.setDirection
                0x000007aa       0x20 MotorDriver.o
                0x000007aa                setDirection
 .text.initMotor
                0x000007ca       0x20 MotorDriver.o
                0x000007ca                initMotor
 .text.initMP3  0x000007ea       0x34 MP3_Driver.o
                0x000007ea                initMP3
 .text.playSound
                0x0000081e       0x2a MP3_Driver.o
                0x0000081e                playSound
 .text.initSwitchPort
                0x00000848       0x16 Switch.o
                0x00000848                initSwitchPort
 .text.InitUART
                0x0000085e       0x76 uart.o
                0x0000085e                InitUART
 .text.SendChar
                0x000008d4       0x10 uart.o
                0x000008d4                SendChar
 .text.libgcc.div
                0x000008e4       0x44 c:/program files (x86)/atmel/studio/7.0/toolchain/avr8/avr8-gnu-toolchain/bin/../lib/gcc/avr/5.4.0/avr6\libgcc.a(_udivmodsi4.o)
                0x000008e4                __udivmodsi4
                0x00000928                . = ALIGN (0x2)
 *(.fini9)
 .fini9         0x00000928        0x0 c:/program files (x86)/atmel/studio/7.0/toolchain/avr8/avr8-gnu-toolchain/bin/../lib/gcc/avr/5.4.0/avr6\libgcc.a(_exit.o)
                0x00000928                _exit
                0x00000928                exit
 *(.fini9)
 *(.fini8)
 *(.fini8)
 *(.fini7)
 *(.fini7)
 *(.fini6)
 *(.fini6)
 *(.fini5)
 *(.fini5)
 *(.fini4)
 *(.fini4)
 *(.fini3)
 *(.fini3)
 *(.fini2)
 *(.fini2)
 *(.fini1)
 *(.fini1)
 *(.fini0)
 .fini0         0x00000928        0x4 c:/program files (x86)/atmel/studio/7.0/toolchain/avr8/avr8-gnu-toolchain/bin/../lib/gcc/avr/5.4.0/avr6\libgcc.a(_exit.o)
 *(.fini0)
                0x0000092c                _etext = .

.data           0x00800200        0x0 load address 0x0000092c
                [!provide]                PROVIDE (__data_start, .)
 *(.data)
 *(.data*)
 *(.gnu.linkonce.d*)
 *(.rodata)
 *(.rodata*)
 *(.gnu.linkonce.r*)
                0x00800200                . = ALIGN (0x2)
                0x00800200                _edata = .
                [!provide]                PROVIDE (__data_end, .)

.bss            0x00800200        0x6
                0x00800200                PROVIDE (__bss_start, .)
 *(.bss)
 *(.bss*)
 .bss.pos       0x00800200        0x2 door2.o
                0x00800200                pos
 .bss.refleksTaeller
                0x00800202        0x1 main.o
                0x00800202                refleksTaeller
 .bss.bil       0x00800203        0x1 main.o
                0x00800203                bil
 .bss.vd        0x00800204        0x1 main.o
                0x00800204                vd
 .bss.hd        0x00800205        0x1 main.o
                0x00800205                hd
 *(COMMON)
                0x00800206                PROVIDE (__bss_end, .)
                0x0000092c                __data_load_start = LOADADDR (.data)
                0x0000092c                __data_load_end = (__data_load_start + SIZEOF (.data))

.noinit         0x00800206        0x0
                [!provide]                PROVIDE (__noinit_start, .)
 *(.noinit*)
                [!provide]                PROVIDE (__noinit_end, .)
                0x00800206                _end = .
                [!provide]                PROVIDE (__heap_start, .)

.eeprom         0x00810000        0x0
 *(.eeprom*)
                0x00810000                __eeprom_end = .

.fuse
 *(.fuse)
 *(.lfuse)
 *(.hfuse)
 *(.efuse)

.lock
 *(.lock*)

.signature
 *(.signature*)

.user_signatures
 *(.user_signatures*)

.stab
 *(.stab)

.stabstr
 *(.stabstr)

.stab.excl
 *(.stab.excl)

.stab.exclstr
 *(.stab.exclstr)

.stab.index
 *(.stab.index)

.stab.indexstr
 *(.stab.indexstr)

.comment        0x00000000       0x30
 *(.comment)
 .comment       0x00000000       0x30 door2.o
                                 0x31 (size before relaxing)
 .comment       0x00000030       0x31 Led.o
 .comment       0x00000030       0x31 main.o
 .comment       0x00000030       0x31 MotorDriver.o
 .comment       0x00000030       0x31 MP3_Driver.o
 .comment       0x00000030       0x31 Switch.o
 .comment       0x00000030       0x31 uart.o

.note.gnu.avr.deviceinfo
                0x00000000       0x40
 .note.gnu.avr.deviceinfo
                0x00000000       0x40 C:/Program Files (x86)/Atmel/Studio/7.0/Packs/atmel/ATmega_DFP/1.3.300/gcc/dev/atmega2560/avr6/crtatmega2560.o

.note.gnu.build-id
 *(.note.gnu.build-id)

.debug
 *(.debug)

.line
 *(.line)

.debug_srcinfo
 *(.debug_srcinfo)

.debug_sfnames
 *(.debug_sfnames)

.debug_aranges  0x00000000      0x180
 *(.debug_aranges)
 .debug_aranges
                0x00000000       0x40 door2.o
 .debug_aranges
                0x00000040       0x38 Led.o
 .debug_aranges
                0x00000078       0x48 main.o
 .debug_aranges
                0x000000c0       0x40 MotorDriver.o
 .debug_aranges
                0x00000100       0x28 MP3_Driver.o
 .debug_aranges
                0x00000128       0x20 Switch.o
 .debug_aranges
                0x00000148       0x38 uart.o

.debug_pubnames
 *(.debug_pubnames)

.debug_info     0x00000000     0x1e7f
 *(.debug_info .gnu.linkonce.wi.*)
 .debug_info    0x00000000      0xbbc C:/Program Files (x86)/Atmel/Studio/7.0/Packs/atmel/ATmega_DFP/1.3.300/gcc/dev/atmega2560/avr6/crtatmega2560.o
 .debug_info    0x00000bbc      0x242 door2.o
 .debug_info    0x00000dfe      0x107 Led.o
 .debug_info    0x00000f05      0x963 main.o
 .debug_info    0x00001868      0x1d2 MotorDriver.o
 .debug_info    0x00001a3a      0x27f MP3_Driver.o
 .debug_info    0x00001cb9       0x82 Switch.o
 .debug_info    0x00001d3b      0x144 uart.o

.debug_abbrev   0x00000000     0x113f
 *(.debug_abbrev)
 .debug_abbrev  0x00000000      0xb1a C:/Program Files (x86)/Atmel/Studio/7.0/Packs/atmel/ATmega_DFP/1.3.300/gcc/dev/atmega2560/avr6/crtatmega2560.o
 .debug_abbrev  0x00000b1a       0xd5 door2.o
 .debug_abbrev  0x00000bef       0x90 Led.o
 .debug_abbrev  0x00000c7f      0x157 main.o
 .debug_abbrev  0x00000dd6       0xfe MotorDriver.o
 .debug_abbrev  0x00000ed4      0x127 MP3_Driver.o
 .debug_abbrev  0x00000ffb       0x4f Switch.o
 .debug_abbrev  0x0000104a       0xf5 uart.o

.debug_line     0x00000000      0xfa5
 *(.debug_line .debug_line.* .debug_line_end)
 .debug_line    0x00000000      0x1f9 C:/Program Files (x86)/Atmel/Studio/7.0/Packs/atmel/ATmega_DFP/1.3.300/gcc/dev/atmega2560/avr6/crtatmega2560.o
 .debug_line    0x000001f9      0x28e door2.o
 .debug_line    0x00000487      0x134 Led.o
 .debug_line    0x000005bb      0x519 main.o
 .debug_line    0x00000ad4      0x13f MotorDriver.o
 .debug_line    0x00000c13      0x190 MP3_Driver.o
 .debug_line    0x00000da3       0xbb Switch.o
 .debug_line    0x00000e5e      0x147 uart.o

.debug_frame    0x00000000      0x3c8
 *(.debug_frame)
 .debug_frame   0x00000000       0x64 door2.o
 .debug_frame   0x00000064       0x54 Led.o
 .debug_frame   0x000000b8      0x1ec main.o
 .debug_frame   0x000002a4       0x64 MotorDriver.o
 .debug_frame   0x00000308       0x3c MP3_Driver.o
 .debug_frame   0x00000344       0x24 Switch.o
 .debug_frame   0x00000368       0x60 uart.o

.debug_str      0x00000000      0x785
 *(.debug_str)
 .debug_str     0x00000000      0x3e6 C:/Program Files (x86)/Atmel/Studio/7.0/Packs/atmel/ATmega_DFP/1.3.300/gcc/dev/atmega2560/avr6/crtatmega2560.o
 .debug_str     0x000003e6      0x1f5 door2.o
                                0x229 (size before relaxing)
 .debug_str     0x000005db       0x34 Led.o
                                0x1d2 (size before relaxing)
 .debug_str     0x0000060f       0xee main.o
                                0x29a (size before relaxing)
 .debug_str     0x000006fd       0x19 MotorDriver.o
                                0x1c0 (size before relaxing)
 .debug_str     0x00000716       0x27 MP3_Driver.o
                                0x1e5 (size before relaxing)
 .debug_str     0x0000073d        0xe Switch.o
                                0x181 (size before relaxing)
 .debug_str     0x0000074b       0x3a uart.o
                                0x1be (size before relaxing)

.debug_loc      0x00000000      0xb9c
 *(.debug_loc)
 .debug_loc     0x00000000      0x120 door2.o
 .debug_loc     0x00000120       0x63 Led.o
 .debug_loc     0x00000183      0x7d7 main.o
 .debug_loc     0x0000095a       0x9d MotorDriver.o
 .debug_loc     0x000009f7       0xea MP3_Driver.o
 .debug_loc     0x00000ae1       0xbb uart.o

.debug_macinfo
 *(.debug_macinfo)

.debug_weaknames
 *(.debug_weaknames)

.debug_funcnames
 *(.debug_funcnames)

.debug_typenames
 *(.debug_typenames)

.debug_varnames
 *(.debug_varnames)

.debug_pubtypes
 *(.debug_pubtypes)

.debug_ranges   0x00000000      0x110
 *(.debug_ranges)
 .debug_ranges  0x00000000       0x30 door2.o
 .debug_ranges  0x00000030       0x28 Led.o
 .debug_ranges  0x00000058       0x38 main.o
 .debug_ranges  0x00000090       0x30 MotorDriver.o
 .debug_ranges  0x000000c0       0x18 MP3_Driver.o
 .debug_ranges  0x000000d8       0x10 Switch.o
 .debug_ranges  0x000000e8       0x28 uart.o

.debug_macro
 *(.debug_macro)
OUTPUT(BilKode.elf elf32-avr)
LOAD linker stubs
